// Jest Snapshot v1, https://goo.gl/fbAQLP

exports[`App.js matches snapshot with defaults 1`] = `
<MuiThemeProvider>
  <div
    className="App"
  >
    <header
      className="App-header"
    >
      <h1
        className="App-title"
      >
        Mock English Football League
      </h1>
    </header>
    <TeamsTable
      teams={
        Array [
          Object {
            "gamesDrawn": 0,
            "gamesLost": 0,
            "gamesWon": 0,
            "goalsAllowed": 0,
            "goalsScored": 0,
            "name": "Arsenal",
          },
          Object {
            "gamesDrawn": 0,
            "gamesLost": 0,
            "gamesWon": 0,
            "goalsAllowed": 0,
            "goalsScored": 0,
            "name": "Sp*rs",
          },
        ]
      }
    />
  </div>
</MuiThemeProvider>
`;
